
> wonderful-world@0.1.0 build
> next build

  笆ｲ Next.js 14.2.33

   Creating an optimized production build ...
 笨・Compiled successfully
   Linting and checking validity of types ...
node.exe :  筧ｯ ESLint: Invalid Options: - Unknown options: 
useEslintrc, extensions - 'extensions' has been removed.
発生場所 C:\Program Files\nodejs\npm.ps1:29 文字:3
+   & $NODE_EXE $NPM_CLI_JS $args
+   ~~~~~~~~~~~~~~~~~~~~~~~~~~~~~
    + CategoryInfo          : NotSpecified: ( 筧ｯ ESLint: I 
   nv...s been removed.:String) [], RemoteException
    + FullyQualifiedErrorId : NativeCommandError
 
Failed to compile.

./components/ui/ChatBot.tsx:11:23
Type error: Property 'input' does not exist on type 'UseCha
tHelpers<UIMessage<unknown, UIDataTypes, UITools>>'.

[0m [90m  9 |[39m     [36mconst[39m messagesEndRef [3
3m=[39m useRef[33m<[39m[33mHTMLDivElement[39m[33m>[3
9m([36mnull[39m)[33m;[39m[0m
[0m [90m 10 |[39m[0m
[0m[31m[1m>[22m[39m[90m 11 |[39m     [36mconst[39m
 { messages[33m,[39m input[33m,[39m handleInputChange[
33m,[39m handleSubmit[33m,[39m isLoading } [33m=[39m u
seChat({[0m
[0m [90m    |[39m                       [31m[1m^[22m
[39m[0m
[0m [90m 12 |[39m         initialMessages[33m:[39m [[
0m
[0m [90m 13 |[39m             {[0m
[0m [90m 14 |[39m                 id[33m:[39m [32m'we
lcome'[39m[33m,[39m[0m
Next.js build worker exited with code: 1 and signal: null
